2026-09-18 13:02:40,180 INFO upsflow: Connecting network (68:67:25:E8:DD:29)
2026-09-18 13:02:40,181 INFO __main__ - 68:67:25:E8:DD:29: Connecting to River 2
2026-09-18 13:02:40,181 INFO eflib.connection - 68:67:25:E8:DD:29: Connecting to device
2026-09-18 13:02:40,211 INFO upsflow: Connecting server (24:EC:4A:81:E1:1D)
2026-09-18 13:02:40,212 INFO __main__ - 24:EC:4A:81:E1:1D: Connecting to River 2
2026-09-18 13:02:40,212 INFO eflib.connection - 24:EC:4A:81:E1:1D: Connecting to device
2026-09-18 13:02:41,574 INFO eflib.connection - 24:EC:4A:81:E1:1D: Connected
2026-09-18 13:02:41,574 INFO eflib.connection - 24:EC:4A:81:E1:1D: Init completed, starting auth routine...
2026-09-18 13:02:41,968 INFO eflib.connection - 68:67:25:E8:DD:29: Connected
2026-09-18 13:02:41,968 INFO eflib.connection - 68:67:25:E8:DD:29: Init completed, starting auth routine...
2026-09-18 13:02:41,986 INFO eflib.connection - 24:EC:4A:81:E1:1D: autoAuthentication: Sending secretKey consists of user id and device serial number
2026-09-18 13:02:42,063 INFO eflib.connection - 24:EC:4A:81:E1:1D: Auth completed, everything is fine
2026-09-18 13:02:42,063 INFO upsflow: server authenticated: authenticated
2026-09-18 13:02:42,419 INFO eflib.connection - 68:67:25:E8:DD:29: autoAuthentication: Sending secretKey consists of user id and device serial number
2026-09-18 13:02:42,532 INFO eflib.connection - 68:67:25:E8:DD:29: Auth completed, everything is fine
2026-09-18 13:02:42,533 INFO upsflow: network authenticated: authenticated
2026-09-18 13:02:42,535 INFO upsflow: Telemetry API listening on 0.0.0.0:5005
2026-09-18 13:03:20,994 INFO eflib.connection - 68:67:25:E8:DD:29: Disconnecting from device (run_forever -> _run_once -> _run -> disconnect)
2026-09-18 13:03:20,995 INFO eflib.connection - 24:EC:4A:81:E1:1D: Disconnecting from device (run_forever -> _run_once -> _run -> disconnect)
2026-09-18 13:03:20,998 WARNING eflib.connection - 68:67:25:E8:DD:29: Disconnected from device (_disconnect_client -> disconnect -> disconnect -> disconnected)
2026-09-18 13:03:20,999 WARNING eflib.connection - 24:EC:4A:81:E1:1D: Disconnected from device (_disconnect_client -> disconnect -> disconnect -> disconnected)
Traceback (most recent call last):
  File "C:\Users\Pat\AppData\Local\Python\pythoncore-3.13-64\Lib\asyncio\runners.py", line 119, in run
    return self._loop.run_until_complete(task)
           ~~~~~~~~~~~~~~~~~~~~~~~~~~~~~^^^^^^
  File "C:\Users\Pat\AppData\Local\Python\pythoncore-3.13-64\Lib\asyncio\base_events.py", line 726, in run_until_complete
    return future.result()
           ~~~~~~~~~~~~~^^
  File "C:\repos\upsflow\upsflow.py", line 504, in monitor
    await asyncio.sleep(poll_seconds)
  File "C:\Users\Pat\AppData\Local\Python\pythoncore-3.13-64\Lib\asyncio\tasks.py", line 720, in sleep
    return await future
           ^^^^^^^^^^^^
asyncio.exceptions.CancelledError

During handling of the above exception, another exception occurred:

Traceback (most recent call last):
  File "C:\repos\upsflow\upsflow.py", line 538, in <module>
    main()
    ~~~~^^
  File "C:\repos\upsflow\upsflow.py", line 532, in main
    asyncio.run(monitor(load_config(args.config), args.config))
    ~~~~~~~~~~~^^^^^^^^^^^^^^^^^^^^^^^^^^^^^^^^^^^^^^^^^^^^^^^^
  File "C:\Users\Pat\AppData\Local\Python\pythoncore-3.13-64\Lib\asyncio\runners.py", line 196, in run
    return runner.run(main)
           ~~~~~~~~~~^^^^^^
  File "C:\Users\Pat\AppData\Local\Python\pythoncore-3.13-64\Lib\asyncio\runners.py", line 124, in run
    raise KeyboardInterrupt()
KeyboardInterrupt
