2026-09-18 15:38:00,679 INFO upsflow: Connecting network (68:67:25:E8:DD:29)
2026-09-18 15:38:00,680 INFO __main__ - 68:67:25:E8:DD:29: Connecting to River 2
2026-09-18 15:38:00,680 INFO eflib.connection - 68:67:25:E8:DD:29: Connecting to device
2026-09-18 15:38:00,707 INFO upsflow: Connecting server (24:EC:4A:81:E1:1D)
2026-09-18 15:38:00,707 INFO __main__ - 24:EC:4A:81:E1:1D: Connecting to River 2
2026-09-18 15:38:00,707 INFO eflib.connection - 24:EC:4A:81:E1:1D: Connecting to device
2026-09-18 15:38:02,032 INFO eflib.connection - 24:EC:4A:81:E1:1D: Connected
2026-09-18 15:38:02,032 INFO eflib.connection - 24:EC:4A:81:E1:1D: Init completed, starting auth routine...
2026-09-18 15:38:02,425 INFO eflib.connection - 68:67:25:E8:DD:29: Connected
2026-09-18 15:38:02,425 INFO eflib.connection - 68:67:25:E8:DD:29: Init completed, starting auth routine...
2026-09-18 15:38:02,519 INFO eflib.connection - 24:EC:4A:81:E1:1D: autoAuthentication: Sending secretKey consists of user id and device serial number
2026-09-18 15:38:02,594 INFO eflib.connection - 24:EC:4A:81:E1:1D: Auth completed, everything is fine
2026-09-18 15:38:02,595 INFO upsflow: server authenticated: authenticated
2026-09-18 15:38:02,838 INFO eflib.connection - 68:67:25:E8:DD:29: autoAuthentication: Sending secretKey consists of user id and device serial number
2026-09-18 15:38:02,913 INFO eflib.connection - 68:67:25:E8:DD:29: Auth completed, everything is fine
2026-09-18 15:38:02,914 INFO upsflow: network authenticated: authenticated
2026-09-18 15:38:02,915 INFO upsflow: Telemetry API listening on 0.0.0.0:5005
2026-09-18 15:39:47,131 INFO eflib.connection - 68:67:25:E8:DD:29: Disconnecting from device (run_forever -> _run_once -> _run -> disconnect)
2026-09-18 15:39:47,132 INFO eflib.connection - 24:EC:4A:81:E1:1D: Disconnecting from device (run_forever -> _run_once -> _run -> disconnect)
2026-09-18 15:39:47,135 WARNING eflib.connection - 68:67:25:E8:DD:29: Disconnected from device (_disconnect_client -> disconnect -> disconnect -> disconnected)
2026-09-18 15:39:47,136 WARNING eflib.connection - 24:EC:4A:81:E1:1D: Disconnected from device (_disconnect_client -> disconnect -> disconnect -> disconnected)
Traceback (most recent call last):
  File "C:\Users\Pat\AppData\Local\Python\pythoncore-3.13-64\Lib\asyncio\runners.py", line 119, in run
    return self._loop.run_until_complete(task)
           ~~~~~~~~~~~~~~~~~~~~~~~~~~~~~^^^^^^
  File "C:\Users\Pat\AppData\Local\Python\pythoncore-3.13-64\Lib\asyncio\base_events.py", line 726, in run_until_complete
    return future.result()
           ~~~~~~~~~~~~~^^
  File "C:\repos\upsflow\upsflow.py", line 504, in monitor
    "Connection: close\r\n\r\n"
        ^^^^^^^^^^^^^^^^^^^^^^^
  File "C:\Users\Pat\AppData\Local\Python\pythoncore-3.13-64\Lib\asyncio\tasks.py", line 720, in sleep
    return await future
           ^^^^^^^^^^^^
asyncio.exceptions.CancelledError

During handling of the above exception, another exception occurred:

Traceback (most recent call last):
  File "C:\repos\upsflow\upsflow.py", line 538, in <module>
    await http_response(writer, 200, telemetry_snapshot(states, stale_seconds, poll_seconds))
    
  File "C:\repos\upsflow\upsflow.py", line 532, in main
    name, value_text = line.decode("iso-8859-1").split(":", 1)
    ^^^^^^^^^^^^^^^^^^^^^^^^^^^^^^^^^^^^^^^^^^^^^^^^^^^
  File "C:\Users\Pat\AppData\Local\Python\pythoncore-3.13-64\Lib\asyncio\runners.py", line 196, in run
    return runner.run(main)
           ~~~~~~~~~~^^^^^^
  File "C:\Users\Pat\AppData\Local\Python\pythoncore-3.13-64\Lib\asyncio\runners.py", line 124, in run
    raise KeyboardInterrupt()
KeyboardInterrupt
